[2025-12-19 23:55:35] === Proyapi Unified Distributor v4.0 started ===
[2025-12-19 23:55:35] Watching: spp2dcc@kolin.com.tr / Inbox\From Proyapi
[2025-12-19 23:55:35] Mode=display Poll=10s Lookback=7d MaxScan=200
[2025-12-19 23:55:35] Profiles: STQ, TRN
[2025-12-19 23:55:35] 
[Loop #1] scanning unread...
[2025-12-19 23:55:35] No matching unread docs.
[2025-12-19 23:55:45] 
[Loop #2] scanning unread...
[2025-12-19 23:55:45] No matching unread docs.
[2025-12-19 23:55:55] 
[Loop #3] scanning unread...
[2025-12-19 23:55:55] No matching unread docs.
[2025-12-19 23:56:05] 
[Loop #4] scanning unread...
[2025-12-19 23:56:05] No matching unread docs.
[2025-12-19 23:56:15] 
[Loop #5] scanning unread...
[2025-12-19 23:56:15] No matching unread docs.
[2025-12-19 23:56:25] 
[Loop #6] scanning unread...
[2025-12-19 23:56:25] No matching unread docs.
[2025-12-19 23:56:35] 
[Loop #7] scanning unread...
[2025-12-19 23:56:35] No matching unread docs.
[2025-12-19 23:56:45] 
[Loop #8] scanning unread...
[2025-12-19 23:56:46] No matching unread docs.
[2025-12-19 23:56:56] 
[Loop #9] scanning unread...
[2025-12-19 23:56:56] No matching unread docs.
[2025-12-19 23:57:06] 
[Loop #10] scanning unread...
[2025-12-19 23:57:06] No matching unread docs.
[2025-12-19 23:57:16] 
[Loop #11] scanning unread...
[2025-12-19 23:57:16] No matching unread docs.
[2025-12-19 23:57:26] 
[Loop #12] scanning unread...
[2025-12-19 23:57:26] No matching unread docs.
[2025-12-19 23:57:36] 
[Loop #13] scanning unread...
[2025-12-19 23:57:36] No matching unread docs.
[2025-12-19 23:57:46] 
[Loop #14] scanning unread...
[2025-12-19 23:57:46] No matching unread docs.
[2025-12-19 23:57:56] 
[Loop #15] scanning unread...
[2025-12-19 23:57:56] No matching unread docs.
[2025-12-19 23:58:06] 
[Loop #16] scanning unread...
[2025-12-19 23:58:06] No matching unread docs.
[2025-12-19 23:58:16] 
[Loop #17] scanning unread...
[2025-12-19 23:58:16] No matching unread docs.
[2025-12-19 23:58:26] 
[Loop #18] scanning unread...
[2025-12-19 23:58:26] No matching unread docs.
[2025-12-19 23:58:36] 
[Loop #19] scanning unread...
[2025-12-19 23:58:36] No matching unread docs.
[2025-12-19 23:58:46] 
[Loop #20] scanning unread...
[2025-12-19 23:58:46] No matching unread docs.
[2025-12-19 23:58:56] 
[Loop #21] scanning unread...
[2025-12-19 23:58:56] No matching unread docs.
[2025-12-19 23:59:06] 
[Loop #22] scanning unread...
[2025-12-19 23:59:06] No matching unread docs.
[2025-12-19 23:59:16] 
[Loop #23] scanning unread...
[2025-12-19 23:59:16] No matching unread docs.
[2025-12-19 23:59:26] 
[Loop #24] scanning unread...
[2025-12-19 23:59:26] No matching unread docs.
[2025-12-19 23:59:36] 
[Loop #25] scanning unread...
[2025-12-19 23:59:36] No matching unread docs.
[2025-12-19 23:59:46] 
[Loop #26] scanning unread...
[2025-12-19 23:59:46] No matching unread docs.
[2025-12-19 23:59:56] 
[Loop #27] scanning unread...
[2025-12-19 23:59:56] No matching unread docs.
[2025-12-20 00:00:06] 
[Loop #28] scanning unread...
[2025-12-20 00:00:06] DEBUG => [STQ] uid=<bc65443a0f7e48bcbcc97e3c03667d7a@klmsrvemb04.kolindmz.local sender=chuseyn@kolin.com.tr subject=KLN-SPP2-STQ-MC-GN00-344_R00_Prokon_Reply/KLN-SPP2-STQ-MC-GN00-350_R00_Prokon_Reply/KLN-SPP2-STQ-MC-GN00-354_R00_Prokon_Reply
[2025-12-20 00:00:06] ✅ DONE [STQ] KLN-SPP2-STQ-MC-GN00-344_R00 files=3 update=False
[2025-12-20 00:00:06] ❌ Loop error: (-2147352567, 'Exception occurred.', (4096, 'Microsoft Outlook', 'Array index out of bounds.', None, 0, -2147352567), None)
[2025-12-20 00:00:06] Traceback (most recent call last):
  File "C:\Users\husey\OneDrive\Desktop\Development\Work_Automation\trn_stq_test.py", line 436, in main
    mail = items.Item(i)
  File "<COMObject Restrict>", line 2, in Item
pywintypes.com_error: (-2147352567, 'Exception occurred.', (4096, 'Microsoft Outlook', 'Array index out of bounds.', None, 0, -2147352567), None)

[2025-12-20 00:00:16] 
[Loop #29] scanning unread...
[2025-12-20 00:00:16] DEBUG => [STQ] uid=<7d5ac999d00f4f4595fe4700f986a398@klmsrvemb04.kolindmz.local sender=chuseyn@kolin.com.tr subject=KLN-SPP2-STQ-MC-GN00-350_R00_Prokon_Reply
[2025-12-20 00:00:17] ✅ DONE [STQ] KLN-SPP2-STQ-MC-GN00-350_R00 files=1 update=False
[2025-12-20 00:00:27] 
[Loop #30] scanning unread...
[2025-12-20 00:00:27] No matching unread docs.
[2025-12-20 00:00:37] 
[Loop #31] scanning unread...
[2025-12-20 00:00:37] No matching unread docs.
[2025-12-20 00:00:47] 
[Loop #32] scanning unread...
[2025-12-20 00:00:47] No matching unread docs.
[2025-12-20 00:00:57] 
[Loop #33] scanning unread...
[2025-12-20 00:00:57] No matching unread docs.
[2025-12-20 00:01:07] 
[Loop #34] scanning unread...
[2025-12-20 00:01:07] No matching unread docs.
[2025-12-20 00:01:17] 
[Loop #35] scanning unread...
[2025-12-20 00:01:17] No matching unread docs.
[2025-12-20 00:01:27] 
[Loop #36] scanning unread...
[2025-12-20 00:01:27] No matching unread docs.
[2025-12-20 00:01:37] 
[Loop #37] scanning unread...
[2025-12-20 00:01:37] No matching unread docs.
[2025-12-20 00:01:47] 
[Loop #38] scanning unread...
[2025-12-20 00:01:47] No matching unread docs.
[2025-12-20 00:01:57] 
[Loop #39] scanning unread...
[2025-12-20 00:01:57] No matching unread docs.
[2025-12-20 00:02:07] 
[Loop #40] scanning unread...
[2025-12-20 00:02:07] No matching unread docs.
[2025-12-20 00:02:17] 
[Loop #41] scanning unread...
[2025-12-20 00:02:17] No matching unread docs.
[2025-12-20 00:02:27] 
[Loop #42] scanning unread...
[2025-12-20 00:02:27] No matching unread docs.
[2025-12-20 00:02:37] 
[Loop #43] scanning unread...
[2025-12-20 00:02:37] No matching unread docs.
[2025-12-20 00:15:01] === Proyapi Unified Distributor v4.0 started ===
[2025-12-20 00:15:01] Watching: spp2dcc@kolin.com.tr / Inbox\From Proyapi
[2025-12-20 00:15:01] Mode=display Poll=10s Lookback=7d MaxScan=200
[2025-12-20 00:15:01] Profiles: STQ, TRN
[2025-12-20 00:15:01] 
[Loop #1] scanning unread...
[2025-12-20 00:15:01] No matching unread docs.
[2025-12-20 00:15:11] 
[Loop #2] scanning unread...
[2025-12-20 00:15:11] No matching unread docs.
[2025-12-20 00:15:21] 
[Loop #3] scanning unread...
[2025-12-20 00:15:21] No matching unread docs.
[2025-12-20 00:15:31] 
[Loop #4] scanning unread...
[2025-12-20 00:15:31] No matching unread docs.
[2025-12-20 00:15:41] 
[Loop #5] scanning unread...
[2025-12-20 00:15:41] No matching unread docs.
[2025-12-20 00:15:44] === Proyapi Unified Distributor v4.0 started ===
[2025-12-20 00:15:44] Watching: spp2dcc@kolin.com.tr / Inbox\From Proyapi
[2025-12-20 00:15:44] Mode=display Poll=10s Lookback=7d MaxScan=200
[2025-12-20 00:15:44] Profiles: STQ, TRN
[2025-12-20 00:15:44] 
[Loop #1] scanning unread...
[2025-12-20 00:15:44] DEBUG => [TRN] uid=<5c06a499ed374d3eabdf9bf681bf4bb1@klmsrvemb04.kolindmz.local sender=chuseyn@kolin.com.tr subject=SPP2-PRO-KLN-TRN-0541
[2025-12-20 00:15:44] ✅ DONE [TRN] SPP2-PRO-KLN-TRN-0541 files=1 update=False
[2025-12-20 00:15:54] 
[Loop #2] scanning unread...
[2025-12-20 00:15:54] No matching unread docs.
[2025-12-20 00:16:04] 
[Loop #3] scanning unread...
[2025-12-20 00:16:04] No matching unread docs.
[2025-12-20 00:16:14] 
[Loop #4] scanning unread...
[2025-12-20 00:16:14] No matching unread docs.
[2025-12-20 00:16:24] 
[Loop #5] scanning unread...
[2025-12-20 00:16:25] No matching unread docs.
[2025-12-20 00:16:35] 
[Loop #6] scanning unread...
[2025-12-20 00:16:35] No matching unread docs.
[2025-12-20 00:16:45] 
[Loop #7] scanning unread...
[2025-12-20 00:16:45] No matching unread docs.
[2025-12-20 00:16:55] 
[Loop #8] scanning unread...
[2025-12-20 00:16:55] No matching unread docs.
[2025-12-20 00:17:05] 
[Loop #9] scanning unread...
[2025-12-20 00:17:05] No matching unread docs.
[2025-12-20 00:17:15] 
[Loop #10] scanning unread...
[2025-12-20 00:17:15] No matching unread docs.
[2025-12-20 00:17:25] 
[Loop #11] scanning unread...
[2025-12-20 00:17:25] No matching unread docs.
[2025-12-20 00:17:35] 
[Loop #12] scanning unread...
[2025-12-20 00:17:35] No matching unread docs.
[2025-12-20 00:17:45] 
[Loop #13] scanning unread...
[2025-12-20 00:17:45] No matching unread docs.
[2025-12-20 00:17:55] 
[Loop #14] scanning unread...
[2025-12-20 00:17:55] No matching unread docs.
[2025-12-20 00:18:05] 
[Loop #15] scanning unread...
[2025-12-20 00:18:05] No matching unread docs.
[2025-12-20 00:18:15] 
[Loop #16] scanning unread...
[2025-12-20 00:18:15] No matching unread docs.
[2025-12-20 00:18:25] 
[Loop #17] scanning unread...
[2025-12-20 00:18:25] No matching unread docs.
[2025-12-20 00:18:35] 
[Loop #18] scanning unread...
[2025-12-20 00:18:35] No matching unread docs.
[2025-12-20 00:18:45] 
[Loop #19] scanning unread...
[2025-12-20 00:18:45] No matching unread docs.
[2025-12-20 00:18:55] 
[Loop #20] scanning unread...
[2025-12-20 00:18:55] No matching unread docs.
[2025-12-20 00:19:05] 
[Loop #21] scanning unread...
[2025-12-20 00:19:05] No matching unread docs.
[2025-12-20 00:19:15] 
[Loop #22] scanning unread...
[2025-12-20 00:19:15] No matching unread docs.
[2025-12-20 00:19:25] 
[Loop #23] scanning unread...
[2025-12-20 00:19:25] No matching unread docs.
[2025-12-20 00:19:35] 
[Loop #24] scanning unread...
[2025-12-20 00:19:35] No matching unread docs.
[2025-12-20 00:19:45] 
[Loop #25] scanning unread...
[2025-12-20 00:19:45] No matching unread docs.
[2025-12-20 00:19:55] 
[Loop #26] scanning unread...
[2025-12-20 00:19:55] No matching unread docs.
[2025-12-20 00:20:05] 
[Loop #27] scanning unread...
[2025-12-20 00:20:05] No matching unread docs.
[2025-12-20 00:20:15] 
[Loop #28] scanning unread...
[2025-12-20 00:20:15] No matching unread docs.
[2025-12-20 00:20:25] 
[Loop #29] scanning unread...
[2025-12-20 00:20:25] No matching unread docs.
[2025-12-20 00:20:35] 
[Loop #30] scanning unread...
[2025-12-20 00:20:35] No matching unread docs.
[2025-12-20 00:20:45] 
[Loop #31] scanning unread...
[2025-12-20 00:20:45] No matching unread docs.
[2025-12-20 00:20:55] 
[Loop #32] scanning unread...
[2025-12-20 00:20:55] No matching unread docs.
[2025-12-20 00:21:05] 
[Loop #33] scanning unread...
[2025-12-20 00:21:05] No matching unread docs.
[2025-12-20 00:21:15] 
[Loop #34] scanning unread...
[2025-12-20 00:21:15] No matching unread docs.
[2025-12-20 00:21:25] 
[Loop #35] scanning unread...
[2025-12-20 00:21:25] DEBUG => [TRN] uid=<c2428afe669f4b75847bc4fcfe96dc80@klmsrvemb04.kolindmz.local sender=chuseyn@kolin.com.tr subject=SPP2-PRO-KLN-TRN-0334-updated
[2025-12-20 00:21:25] ✅ DONE [TRN] SPP2-PRO-KLN-TRN-0334 files=1 update=True
[2025-12-20 00:21:35] 
[Loop #36] scanning unread...
[2025-12-20 00:21:35] No matching unread docs.
[2025-12-20 00:21:45] 
[Loop #37] scanning unread...
[2025-12-20 00:21:45] No matching unread docs.
